[INFO] Scanning for projects...
[INFO] 
[INFO] -----------------------< org.folio:mod-oai-pmh >------------------------
[INFO] Building OAI-PMH Repository Business Logic 3.2.5-SNAPSHOT
[INFO] --------------------------------[ jar ]---------------------------------
[INFO] 
[INFO] --- maven-clean-plugin:2.5:clean (default-clean) @ mod-oai-pmh ---
[INFO] Deleting C:\folio\folio_testing\mod-oai-pmh\target
[INFO] 
[INFO] --- build-helper-maven-plugin:3.0.0:add-source (add_generated_sources_folder) @ mod-oai-pmh ---
[INFO] Source directory: C:\folio\folio_testing\mod-oai-pmh\target\generated-sources\raml-jaxrs added.
[INFO] Source directory: C:\folio\folio_testing\mod-oai-pmh\target\generated-sources\jooq added.
[INFO] 
[INFO] --- exec-maven-plugin:1.6.0:exec (git submodule update) @ mod-oai-pmh ---
[INFO] 
[INFO] --- properties-maven-plugin:1.0.0:set-system-properties (set-system-properties) @ mod-oai-pmh ---
[INFO] Set 1 system property
[INFO] 
[INFO] --- embedded-postgresql-maven-plugin:0.1.0:start (start-pgsql) @ mod-oai-pmh ---
[INFO] Using system properties proxy configuration: null:null. no proxy: null
[INFO] Starting PostgreSQL...
[INFO] Detected a Windows x86_64 system
[INFO] Postgres binaries at C:\Users\ilush\AppData\Local\Temp\embedded-pg\PG-01856e144a4b170a72702240e1e507fe
The files belonging to this database system will be owned by user "ilush".
This user must also own the server process.

The database cluster will be initialized with locale "English_United States.1252".
The default text search configuration will be set to "english".

Data page checksums are disabled.

fixing permissions on existing directory C:/folio/folio_testing/mod-oai-pmh/target/pgdata ... ok
creating subdirectories ... ok
selecting default max_connections ... 100
selecting default shared_buffers ... 128MB
selecting dynamic shared memory implementation ... windows
creating configuration files ... ok
running bootstrap script ... ok
performing post-bootstrap initialization ... ok
syncing data to disk ... ok

Success. You can now start the database server using:

    "C:\Users\ilush\AppData\Local\Temp\embedded-pg\PG-01856e144a4b170a72702240e1e507fe\bin\pg_ctl" -D "C:\folio\folio_testing\mod-oai-pmh\target\pgdata" -l logfile start

[INFO] 4890e6e7-4c91-494e-acfd-35d550109f17 initdb completed in 0:00:04.426
[INFO] 4890e6e7-4c91-494e-acfd-35d550109f17 postmaster started as Process[pid=9020, exitValue="not exited"] on port 15432.  Waiting up to 10000ms for server startup to finish.
server starting
LOG:  database system was shut down at 2020-11-27 16:34:31 EET
LOG:  MultiXact member wraparound protections are now enabled
LOG:  database system is ready to accept connections
LOG:  autovacuum launcher started
[INFO] 4890e6e7-4c91-494e-acfd-35d550109f17 postmaster startup finished in 0:00:00.628
[INFO] PostgreSQL started.
[INFO] 
[INFO] --- exec-maven-plugin:1.6.0:java (generate_interfaces) @ mod-oai-pmh ---
27 Nov 2020 16:34:34:840 INFO  GenerateRunner [] copying ramls from source directory at: C:\folio\folio_testing\mod-oai-pmh\ramls
27 Nov 2020 16:34:34:842 INFO  GenerateRunner [] copying ramls to target directory at: C:\folio\folio_testing\mod-oai-pmh\target\classes\ramls
27 Nov 2020 16:34:37:293 INFO  GenerateRunner [] Input directory C:\folio\folio_testing\mod-oai-pmh\target\classes\ramls
27 Nov 2020 16:34:37:298 INFO  GenerateRunner [] processing C:\folio\folio_testing\mod-oai-pmh\target\classes\ramls\folio-set-filtering-conditions.raml
27 Nov 2020 16:34:37:496 INFO  CustomTypeAnnotator [] Loading custom field readonly with value true with annotation {"type":"javax.validation.constraints.Null"}
org\folio\rest\jaxrs\model\FilteringCondition.java
27 Nov 2020 16:34:37:545 INFO  CustomTypeAnnotator [] Loading custom field readonly with value true with annotation {"type":"javax.validation.constraints.Null"}
org\folio\rest\jaxrs\model\FilteringConditionValueCollection.java
org\folio\rest\jaxrs\model\SetsFilteringCondition.java
27 Nov 2020 16:34:37:563 INFO  CustomTypeAnnotator [] Loading custom field readonly with value true with annotation {"type":"javax.validation.constraints.Null"}
org\folio\rest\jaxrs\model\Error.java
org\folio\rest\jaxrs\model\Errors.java
org\folio\rest\jaxrs\model\Parameter.java
27 Nov 2020 16:34:37:638 INFO  PomReader [] Reading from pom.xml
27 Nov 2020 16:34:37:667 INFO  PomReader [] module name: mod_oai_pmh, version: 3.2.5
27 Nov 2020 16:34:37:680 INFO  GenerateRunner [] processed C:\folio\folio_testing\mod-oai-pmh\target\classes\ramls\folio-set-filtering-conditions.raml
27 Nov 2020 16:34:37:681 INFO  GenerateRunner [] processing C:\folio\folio_testing\mod-oai-pmh\target\classes\ramls\folio-set.raml
27 Nov 2020 16:34:37:801 INFO  CustomTypeAnnotator [] Loading custom field readonly with value true with annotation {"type":"javax.validation.constraints.Null"}
org\folio\rest\jaxrs\model\FilteringCondition.java
org\folio\rest\jaxrs\model\FolioSet.java
org\folio\rest\jaxrs\model\FolioSetCollection.java
27 Nov 2020 16:34:37:815 INFO  CustomTypeAnnotator [] Loading custom field readonly with value true with annotation {"type":"javax.validation.constraints.Null"}
org\folio\rest\jaxrs\model\FilteringCondition.java
org\folio\rest\jaxrs\model\FolioSet.java
27 Nov 2020 16:34:37:826 INFO  CustomTypeAnnotator [] Loading custom field readonly with value true with annotation {"type":"javax.validation.constraints.Null"}
org\folio\rest\jaxrs\model\Error.java
org\folio\rest\jaxrs\model\Errors.java
org\folio\rest\jaxrs\model\Parameter.java
27 Nov 2020 16:34:37:925 INFO  GenerateRunner [] processed C:\folio\folio_testing\mod-oai-pmh\target\classes\ramls\folio-set.raml
27 Nov 2020 16:34:37:927 INFO  GenerateRunner [] processing C:\folio\folio_testing\mod-oai-pmh\target\classes\ramls\oai-pmh.raml
27 Nov 2020 16:34:37:999 INFO  CustomTypeAnnotator [] Loading custom field readonly with value true with annotation {"type":"javax.validation.constraints.Null"}
org\folio\rest\jaxrs\model\Error.java
org\folio\rest\jaxrs\model\Errors.java
org\folio\rest\jaxrs\model\Parameter.java
27 Nov 2020 16:34:38:036 INFO  GenerateRunner [] processed C:\folio\folio_testing\mod-oai-pmh\target\classes\ramls\oai-pmh.raml
27 Nov 2020 16:34:38:037 INFO  GenerateRunner [] processed: 3 raml files
27 Nov 2020 16:34:38:047 INFO  GenerateRunner [] lookup entry: folio-set-filtering-conditions.raml
27 Nov 2020 16:34:38:047 INFO  GenerateRunner [] lookup entry: folio-set.raml
27 Nov 2020 16:34:38:047 INFO  GenerateRunner [] lookup entry: oai-pmh.raml
27 Nov 2020 16:34:38:048 INFO  GenerateRunner [] lookup list file created: C:\folio\folio_testing\mod-oai-pmh\target\classes\ramls\raml.list
27 Nov 2020 16:34:38:054 INFO  GenerateRunner [] lookup list file created: C:\folio\folio_testing\mod-oai-pmh\target\classes\ramls\json-schema.list
[INFO] 
[INFO] --- maven-jaxb2-plugin:0.14.0:generate (default) @ mod-oai-pmh ---
[INFO] Sources are not up-to-date, XJC will be executed.
[INFO] Episode file [C:\folio\folio_testing\mod-oai-pmh\target\generated-sources\jaxb\META-INF\sun-jaxb.episode] was augmented with if-exists="true" attributes.
[INFO] 
[INFO] --- liquibase-maven-plugin:3.9.0:update (create-schema) @ mod-oai-pmh ---
[INFO] ------------------------------------------------------------------------
[INFO] 
[INFO] 
[INFO] Liquibase Community 3.9.0 by Datical
[INFO] Starting Liquibase at Fri, 27 Nov 2020 16:34:41 EET (version 3.9.0 #11 built at Thu May 14 04:03:56 UTC 2020)
[INFO] Executing on Database: jdbc:postgresql://localhost:15432/postgres
[INFO] SELECT COUNT(*) FROM databasechangeloglock
ERROR:  relation "databasechangeloglock" does not exist at character 22
STATEMENT:  SELECT COUNT(*) FROM databasechangeloglock
[INFO] CREATE TABLE databasechangeloglock (ID INTEGER NOT NULL, LOCKED BOOLEAN NOT NULL, LOCKGRANTED TIMESTAMP WITHOUT TIME ZONE, LOCKEDBY VARCHAR(255), CONSTRAINT DATABASECHANGELOGLOCK_PKEY PRIMARY KEY (ID))
[INFO] SELECT COUNT(*) FROM databasechangeloglock
[INFO] DELETE FROM databasechangeloglock
[INFO] INSERT INTO databasechangeloglock (ID, LOCKED) VALUES (1, FALSE)
[INFO] SELECT LOCKED FROM databasechangeloglock WHERE ID=1
[INFO] Successfully acquired change log lock
[INFO] Creating database history table with name: databasechangelog
[INFO] CREATE TABLE databasechangelog (ID VARCHAR(255) NOT NULL, AUTHOR VARCHAR(255) NOT NULL, FILENAME VARCHAR(255) NOT NULL, DATEEXECUTED TIMESTAMP WITHOUT TIME ZONE NOT NULL, ORDEREXECUTED INTEGER NOT NULL, EXECTYPE VARCHAR(10) NOT NULL, MD5SUM VARCHAR(35), DESCRIPTION VARCHAR(255), COMMENTS VARCHAR(255), TAG VARCHAR(255), LIQUIBASE VARCHAR(20), CONTEXTS VARCHAR(255), LABELS VARCHAR(255), DEPLOYMENT_ID VARCHAR(10))
[INFO] SELECT COUNT(*) FROM databasechangelog
[INFO] Reading from databasechangelog
[INFO] SELECT * FROM databasechangelog ORDER BY DATEEXECUTED ASC, ORDEREXECUTED ASC
[INFO] SELECT COUNT(*) FROM databasechangeloglock
[INFO] CREATE TABLE set (id UUID NOT NULL, name VARCHAR(255) NOT NULL, description VARCHAR(1024), "setSpec" VARCHAR(255) NOT NULL, created_by_user_id UUID, created_date TIMESTAMP WITH TIME ZONE, updated_by_user_id UUID, updated_date TIMESTAMP WITH TIME ZONE, CONSTRAINT SET_PKEY PRIMARY KEY (id))
[INFO] Table set created
[INFO] ChangeSet src/main/resources/liquibase/tenant/scripts/2020-07-07--16-00-create-set-table.xml::2020-07-07--16-00-create-set-table::Illia Daliek ran successfully in 36ms
[INFO] SELECT MAX(ORDEREXECUTED) FROM databasechangelog
[INFO] INSERT INTO databasechangelog (ID, AUTHOR, FILENAME, DATEEXECUTED, ORDEREXECUTED, MD5SUM, DESCRIPTION, COMMENTS, EXECTYPE, CONTEXTS, LABELS, LIQUIBASE, DEPLOYMENT_ID) VALUES ('2020-07-07--16-00-create-set-table', 'Illia Daliek', 'src/main/resources/liquibase/tenant/scripts/2020-07-07--16-00-create-set-table.xml', NOW(), 1, '8:f98a2e4a1a37862659b83afcdb050b7b', 'createTable tableName=set', '', 'EXECUTED', NULL, NULL, '3.9.0', '6487683936')
[INFO] CREATE TYPE public.filtering_condition_type AS ENUM (
      'LOCATION',
      'RESOURCE_TYPE',
      'FORMAT',
      'ILL_POLICY',
      'MATERIAL_TYPE'
      )
[INFO] Custom SQL executed
[INFO] ChangeSet src/main/resources/liquibase/tenant/scripts/2020-07-07--16-00-create-filtering-conditions-table.xml::2020-07-07--16-00-create-filtering-conditions-type::Illia Daliek ran successfully in 17ms
[INFO] INSERT INTO databasechangelog (ID, AUTHOR, FILENAME, DATEEXECUTED, ORDEREXECUTED, MD5SUM, DESCRIPTION, COMMENTS, EXECTYPE, CONTEXTS, LABELS, LIQUIBASE, DEPLOYMENT_ID) VALUES ('2020-07-07--16-00-create-filtering-conditions-type', 'Illia Daliek', 'src/main/resources/liquibase/tenant/scripts/2020-07-07--16-00-create-filtering-conditions-table.xml', NOW(), 2, '8:3a8c1aa4e839c553f66947d7609a5148', 'sql', '', 'EXECUTED', NULL, NULL, '3.9.0', '6487683936')
[INFO] CREATE TABLE filtering_condition (id UUID NOT NULL, name PUBLIC.FILTERING_CONDITION_TYPE NOT NULL, value VARCHAR(255) NOT NULL, "setSpec" VARCHAR(255) NOT NULL, set_id UUID NOT NULL, CONSTRAINT FILTERING_CONDITION_PKEY PRIMARY KEY (id), CONSTRAINT fk_set_id FOREIGN KEY (set_id) REFERENCES set(id))
[INFO] Table filtering_condition created
[INFO] ChangeSet src/main/resources/liquibase/tenant/scripts/2020-07-07--16-00-create-filtering-conditions-table.xml::2020-07-07--16-00-create-filtering-conditions-table::Illia Daliek ran successfully in 17ms
[INFO] INSERT INTO databasechangelog (ID, AUTHOR, FILENAME, DATEEXECUTED, ORDEREXECUTED, MD5SUM, DESCRIPTION, COMMENTS, EXECTYPE, CONTEXTS, LABELS, LIQUIBASE, DEPLOYMENT_ID) VALUES ('2020-07-07--16-00-create-filtering-conditions-table', 'Illia Daliek', 'src/main/resources/liquibase/tenant/scripts/2020-07-07--16-00-create-filtering-conditions-table.xml', NOW(), 3, '8:d426f586e5bf31ea330b7849e876f841', 'createTable tableName=filtering_condition', '', 'EXECUTED', NULL, NULL, '3.9.0', '6487683936')
[INFO] CREATE TABLE instances (instance_id UUID NOT NULL, request_id VARCHAR(255) NOT NULL, json JSON NOT NULL, CONSTRAINT INSTANCES_PKEY PRIMARY KEY (instance_id))
[INFO] Table instances created
[INFO] ChangeSet src/main/resources/liquibase/tenant/scripts/2020-07-16--10-00-create-instnace-ids-table.xml::2020-07-16--10-00-create-instnace-ids-table::Illia Daliek ran successfully in 47ms
[INFO] INSERT INTO databasechangelog (ID, AUTHOR, FILENAME, DATEEXECUTED, ORDEREXECUTED, MD5SUM, DESCRIPTION, COMMENTS, EXECTYPE, CONTEXTS, LABELS, LIQUIBASE, DEPLOYMENT_ID) VALUES ('2020-07-16--10-00-create-instnace-ids-table', 'Illia Daliek', 'src/main/resources/liquibase/tenant/scripts/2020-07-16--10-00-create-instnace-ids-table.xml', NOW(), 4, '8:4ab4c204f562beba8f36143101537f54', 'createTable tableName=instances', '', 'EXECUTED', NULL, NULL, '3.9.0', '6487683936')
[INFO] ALTER TABLE instances DROP CONSTRAINT instances_pkey
[INFO] Primary key dropped from instances
[INFO] ChangeSet src/main/resources/liquibase/tenant/scripts/2020-07-27--19-17-fix_primary_key.xml::2020-07-27--19-17-fix_primary_key::Dmytro Popov ran successfully in 5ms
[INFO] INSERT INTO databasechangelog (ID, AUTHOR, FILENAME, DATEEXECUTED, ORDEREXECUTED, MD5SUM, DESCRIPTION, COMMENTS, EXECTYPE, CONTEXTS, LABELS, LIQUIBASE, DEPLOYMENT_ID) VALUES ('2020-07-27--19-17-fix_primary_key', 'Dmytro Popov', 'src/main/resources/liquibase/tenant/scripts/2020-07-27--19-17-fix_primary_key.xml', NOW(), 5, '8:738cc483021cc3fe6246f5e5b608a6c6', 'dropPrimaryKey constraintName=instances_pkey, tableName=instances', '', 'EXECUTED', NULL, NULL, '3.9.0', '6487683936')
[INFO] INSERT INTO set (id, name, description, "setSpec") VALUES ('800a6081-9699-404f-bc59-2d7ec49ea6bd', 'example', 'example description', 'EXAMPLE:SET:SPEC')
[INFO] New row inserted into set
[INFO] INSERT INTO set (id, name, description, "setSpec") VALUES ('73abf4b2-b117-4e1a-a526-9d1f80a28680', 'example 2', 'example description 2', 'EXAMPLE:SET:SPEC:2')
[INFO] New row inserted into set
[INFO] ChangeSet src/main/resources/liquibase/tenant/scripts/2020-07-20--9-00-import-sample-data.xml::2020-07-20--9-00-import-sample-data::Illia Daliek ran successfully in 5ms
[INFO] INSERT INTO databasechangelog (ID, AUTHOR, FILENAME, DATEEXECUTED, ORDEREXECUTED, MD5SUM, DESCRIPTION, COMMENTS, EXECTYPE, CONTEXTS, LABELS, LIQUIBASE, DEPLOYMENT_ID) VALUES ('2020-07-20--9-00-import-sample-data', 'Illia Daliek', 'src/main/resources/liquibase/tenant/scripts/2020-07-20--9-00-import-sample-data.xml', NOW(), 6, '8:a4ee3b68e17e815e9620a5d52500e7ef', 'insert tableName=set; insert tableName=set', '', 'EXECUTED', NULL, NULL, '3.9.0', '6487683936')
[INFO] DROP TABLE filtering_condition CASCADE
[INFO] Table filtering_condition dropped
[INFO] ChangeSet src/main/resources/liquibase/tenant/scripts/2020-08-20--12-00-enhance-set-table.xml::2020-08-20-drop-filtering-conditions-column::Illia Daliek ran successfully in 6ms
[INFO] INSERT INTO databasechangelog (ID, AUTHOR, FILENAME, DATEEXECUTED, ORDEREXECUTED, MD5SUM, DESCRIPTION, COMMENTS, EXECTYPE, CONTEXTS, LABELS, LIQUIBASE, DEPLOYMENT_ID) VALUES ('2020-08-20-drop-filtering-conditions-column', 'Illia Daliek', 'src/main/resources/liquibase/tenant/scripts/2020-08-20--12-00-enhance-set-table.xml', NOW(), 7, '8:f042d2813ddfa5958a57341296ed3223', 'dropTable tableName=filtering_condition', '', 'EXECUTED', NULL, NULL, '3.9.0', '6487683936')
[INFO] ALTER TABLE set ADD filtering_conditions TEXT
[INFO] Columns filtering_conditions(text) added to set
[INFO] ChangeSet src/main/resources/liquibase/tenant/scripts/2020-08-20--12-00-enhance-set-table.xml::2020-08-20-add-filtering-conditions-column-into-set-table::Illia Daliek ran successfully in 2ms
[INFO] INSERT INTO databasechangelog (ID, AUTHOR, FILENAME, DATEEXECUTED, ORDEREXECUTED, MD5SUM, DESCRIPTION, COMMENTS, EXECTYPE, CONTEXTS, LABELS, LIQUIBASE, DEPLOYMENT_ID) VALUES ('2020-08-20-add-filtering-conditions-column-into-set-table', 'Illia Daliek', 'src/main/resources/liquibase/tenant/scripts/2020-08-20--12-00-enhance-set-table.xml', NOW(), 8, '8:3c486a9039b9a631470fb375e2ed7237', 'addColumn tableName=set', '', 'EXECUTED', NULL, NULL, '3.9.0', '6487683936')
[INFO] ALTER TABLE set RENAME COLUMN "setSpec" TO set_spec
[INFO] Column set.setSpec renamed to set_spec
[INFO] ChangeSet src/main/resources/liquibase/tenant/scripts/2020-08-20--12-00-enhance-set-table.xml::2020-08-20-rename-'setSpec'-column-to-'set_spec'::Illia Daliek ran successfully in 1ms
[INFO] INSERT INTO databasechangelog (ID, AUTHOR, FILENAME, DATEEXECUTED, ORDEREXECUTED, MD5SUM, DESCRIPTION, COMMENTS, EXECTYPE, CONTEXTS, LABELS, LIQUIBASE, DEPLOYMENT_ID) VALUES ('2020-08-20-rename-''setSpec''-column-to-''set_spec''', 'Illia Daliek', 'src/main/resources/liquibase/tenant/scripts/2020-08-20--12-00-enhance-set-table.xml', NOW(), 9, '8:20d52c429a6ae11100e1331e13af4a41', 'renameColumn newColumnName=set_spec, oldColumnName=setSpec, tableName=set', '', 'EXECUTED', NULL, NULL, '3.9.0', '6487683936')
[INFO] ALTER TABLE set RENAME TO set_lb
[INFO] Table set renamed to set_lb
[INFO] ChangeSet src/main/resources/liquibase/tenant/scripts/2020-08-20--12-00-enhance-set-table.xml::2020-08-20-rename-'set'-table-to-'set_lb'::Illia Daliek ran successfully in 2ms
[INFO] INSERT INTO databasechangelog (ID, AUTHOR, FILENAME, DATEEXECUTED, ORDEREXECUTED, MD5SUM, DESCRIPTION, COMMENTS, EXECTYPE, CONTEXTS, LABELS, LIQUIBASE, DEPLOYMENT_ID) VALUES ('2020-08-20-rename-''set''-table-to-''set_lb''', 'Illia Daliek', 'src/main/resources/liquibase/tenant/scripts/2020-08-20--12-00-enhance-set-table.xml', NOW(), 10, '8:770b6eb7e05b2dafde8cf306a3441a24', 'renameTable newTableName=set_lb, oldTableName=set', '', 'EXECUTED', NULL, NULL, '3.9.0', '6487683936')
[INFO] ALTER TABLE set_lb ADD CONSTRAINT set_spec_unique_constraint UNIQUE (set_spec)
[INFO] Unique constraint added to set_lb(set_spec)
[INFO] ALTER TABLE set_lb ADD CONSTRAINT name_unique_constraint UNIQUE (name)
[INFO] Unique constraint added to set_lb(name)
[INFO] ChangeSet src/main/resources/liquibase/tenant/scripts/2020-08-28--11-00-add-unique-constraint-for-name-and-set_spec-columns.xml::2020-08-28--11-00-add-unique-constraint-to-set_spec-and-name-columns::Illia Daliek ran successfully in 13ms
[INFO] INSERT INTO databasechangelog (ID, AUTHOR, FILENAME, DATEEXECUTED, ORDEREXECUTED, MD5SUM, DESCRIPTION, COMMENTS, EXECTYPE, CONTEXTS, LABELS, LIQUIBASE, DEPLOYMENT_ID) VALUES ('2020-08-28--11-00-add-unique-constraint-to-set_spec-and-name-columns', 'Illia Daliek', 'src/main/resources/liquibase/tenant/scripts/2020-08-28--11-00-add-unique-constraint-for-name-and-set_spec-columns.xml', NOW(), 11, '8:b69d9eb2b9064a661359aea85f79130d', 'addUniqueConstraint constraintName=set_spec_unique_constraint, tableName=set_lb; addUniqueConstraint constraintName=name_unique_constraint, tableName=set_lb', '', 'EXECUTED', NULL, NULL, '3.9.0', '6487683936')
[INFO] DELETE FROM public.set_lb
      WHERE id IN ('800a6081-9699-404f-bc59-2d7ec49ea6bd','73abf4b2-b117-4e1a-a526-9d1f80a28680')
[INFO] Custom SQL executed
[INFO] ChangeSet src/main/resources/liquibase/tenant/scripts/2020-09-02--17-00-drop-sample-data.xml::2020-09-02--17-00-drop-sample-data::Illia Daliek ran successfully in 4ms
[INFO] INSERT INTO databasechangelog (ID, AUTHOR, FILENAME, DATEEXECUTED, ORDEREXECUTED, MD5SUM, DESCRIPTION, COMMENTS, EXECTYPE, CONTEXTS, LABELS, LIQUIBASE, DEPLOYMENT_ID) VALUES ('2020-09-02--17-00-drop-sample-data', 'Illia Daliek', 'src/main/resources/liquibase/tenant/scripts/2020-09-02--17-00-drop-sample-data.xml', NOW(), 12, '8:5cdc0628d8c07a4b7626a8aec01ed735', 'sql', '', 'EXECUTED', NULL, NULL, '3.9.0', '6487683936')
[INFO] ALTER TABLE set_lb DROP CONSTRAINT set_spec_unique_constraint
[INFO] Unique constraint set_spec_unique_constraint dropped from set_lb
[INFO] ALTER TABLE set_lb DROP CONSTRAINT name_unique_constraint
[INFO] Unique constraint name_unique_constraint dropped from set_lb
[INFO] ChangeSet src/main/resources/liquibase/tenant/scripts/2020-09-03--12-00-add-case-insensitive-unique-constraints.xml::2020-08-28--12-30-drop-liquibase-unique-constraint-from-both-set_spec-and-name-columns::Illia Daliek ran successfully in 10ms
[INFO] INSERT INTO databasechangelog (ID, AUTHOR, FILENAME, DATEEXECUTED, ORDEREXECUTED, MD5SUM, DESCRIPTION, COMMENTS, EXECTYPE, CONTEXTS, LABELS, LIQUIBASE, DEPLOYMENT_ID) VALUES ('2020-08-28--12-30-drop-liquibase-unique-constraint-from-both-set_spec-and-name-columns', 'Illia Daliek', 'src/main/resources/liquibase/tenant/scripts/2020-09-03--12-00-add-case-insensitive-unique-constraints.xml', NOW(), 13, '8:3a92558d69cbc9b71741cdd352f2a89a', 'dropUniqueConstraint constraintName=set_spec_unique_constraint, tableName=set_lb; dropUniqueConstraint constraintName=name_unique_constraint, tableName=set_lb', '', 'EXECUTED', NULL, NULL, '3.9.0', '6487683936')
[INFO] CREATE UNIQUE INDEX set_spec_unique_constraint
      ON public.set_lb (lower(set_spec))
[INFO] Custom SQL executed
[INFO] CREATE UNIQUE INDEX name_unique_constraint
      ON public.set_lb (lower(name))
[INFO] Custom SQL executed
[INFO] ChangeSet src/main/resources/liquibase/tenant/scripts/2020-09-03--12-00-add-case-insensitive-unique-constraints.xml::2020-08-28--11-00-add-case-insensitive-unique-constraint-to-both-set_spec-and-name-columns::Illia Daliek ran successfully in 11ms
[INFO] INSERT INTO databasechangelog (ID, AUTHOR, FILENAME, DATEEXECUTED, ORDEREXECUTED, MD5SUM, DESCRIPTION, COMMENTS, EXECTYPE, CONTEXTS, LABELS, LIQUIBASE, DEPLOYMENT_ID) VALUES ('2020-08-28--11-00-add-case-insensitive-unique-constraint-to-both-set_spec-and-name-columns', 'Illia Daliek', 'src/main/resources/liquibase/tenant/scripts/2020-09-03--12-00-add-case-insensitive-unique-constraints.xml', NOW(), 14, '8:6bc496313c4c202a0d4f2f0e2d2d8df0', 'sql; sql', '', 'EXECUTED', NULL, NULL, '3.9.0', '6487683936')
[INFO] CREATE TABLE request_metadata_lb (request_id UUID NOT NULL, last_updated_date TIMESTAMP WITH TIME ZONE NOT NULL, CONSTRAINT REQUEST_METADATA_LB_PKEY PRIMARY KEY (request_id))
[INFO] Table request_metadata_lb created
[INFO] ChangeSet src/main/resources/liquibase/tenant/scripts/2020-11-19--18-00-create-request-metadata-table.xml::2020-11-19--18-00-create-request-metadata-table.xml::Illia Borysenko ran successfully in 6ms
[INFO] INSERT INTO databasechangelog (ID, AUTHOR, FILENAME, DATEEXECUTED, ORDEREXECUTED, MD5SUM, DESCRIPTION, COMMENTS, EXECTYPE, CONTEXTS, LABELS, LIQUIBASE, DEPLOYMENT_ID) VALUES ('2020-11-19--18-00-create-request-metadata-table.xml', 'Illia Borysenko', 'src/main/resources/liquibase/tenant/scripts/2020-11-19--18-00-create-request-metadata-table.xml', NOW(), 15, '8:e4b4748851cc31e6281916f8bf12410a', 'createTable tableName=request_metadata_lb', '', 'EXECUTED', NULL, NULL, '3.9.0', '6487683936')
[INFO] ALTER TABLE instances ALTER COLUMN json TYPE TEXT USING (json::TEXT)
[INFO] instances.json datatype was changed to text
[INFO] ChangeSet src/main/resources/liquibase/tenant/scripts/2020-11-19--18-00-create-request-metadata-table.xml::2020-11-19--18-00-change-json-to-text-column-in-instances-table.xml::Illia Daliek ran successfully in 6ms
[INFO] INSERT INTO databasechangelog (ID, AUTHOR, FILENAME, DATEEXECUTED, ORDEREXECUTED, MD5SUM, DESCRIPTION, COMMENTS, EXECTYPE, CONTEXTS, LABELS, LIQUIBASE, DEPLOYMENT_ID) VALUES ('2020-11-19--18-00-change-json-to-text-column-in-instances-table.xml', 'Illia Daliek', 'src/main/resources/liquibase/tenant/scripts/2020-11-19--18-00-create-request-metadata-table.xml', NOW(), 16, '8:face2908b738548dcc5c17da4a5afd69', 'modifyDataType columnName=json, tableName=instances', '', 'EXECUTED', NULL, NULL, '3.9.0', '6487683936')
[INFO] Successfully released change log lock
[INFO] ------------------------------------------------------------------------
[INFO] 
[INFO] 
[INFO] --- jooq-codegen-maven:3.13.2:generate (jooq-generate) @ mod-oai-pmh ---
[INFO] No <inputCatalog/> was provided. Generating ALL available catalogs instead.
[INFO] License parameters       
[INFO] ----------------------------------------------------------
[INFO]   Thank you for using jOOQ and jOOQ's code generator
[INFO]                          
[INFO] Database parameters      
[INFO] ----------------------------------------------------------
[INFO]   dialect                : POSTGRES
[INFO]   URL                    : jdbc:postgresql://localhost:15432/postgres
[INFO]   target dir             : C:\folio\folio_testing\mod-oai-pmh\target\generated-sources\jooq
[INFO]   target package         : org.folio.rest.jooq
[INFO]   includes               : [.*]
[INFO]   excludes               : [databasechangelog|databasechangeloglock]
[INFO]   includeExcludeColumns  : false
[INFO] ----------------------------------------------------------
[INFO]                          
[INFO] JavaGenerator parameters 
[INFO] ----------------------------------------------------------
[INFO]   annotations (generated): false
[INFO]   annotations (JPA: any) : false
[INFO]   annotations (JPA: version): 
[INFO]   annotations (validation): false
[INFO]   comments               : true
[INFO]   comments on attributes : true
[INFO]   comments on catalogs   : true
[INFO]   comments on columns    : true
[INFO]   comments on keys       : true
[INFO]   comments on links      : true
[INFO]   comments on packages   : true
[INFO]   comments on parameters : true
[INFO]   comments on queues     : true
[INFO]   comments on routines   : true
[INFO]   comments on schemas    : true
[INFO]   comments on sequences  : true
[INFO]   comments on tables     : true
[INFO]   comments on udts       : true
[INFO]   sources                : true
[INFO]   sources on views       : true
[INFO]   daos                   : true
[INFO]   deprecated code        : true
[INFO]   global references (any): true
[INFO]   global references (catalogs): true
[INFO]   global references (keys): true
[INFO]   global references (links): true
[INFO]   global references (queues): true
[INFO]   global references (routines): true
[INFO]   global references (schemas): true
[INFO]   global references (sequences): true
[INFO]   global references (tables): true
[INFO]   global references (udts): true
[INFO]   indexes                : true
[INFO]   instance fields        : true
[INFO]   interfaces             : false
[INFO]   interfaces (immutable) : false
[INFO]   javadoc                : true
[INFO]   keys                   : true
[INFO]   links                  : true
[INFO]   pojos                  : true (forced to true because of <daos/>)
[INFO]   pojos (immutable)      : false
[INFO]   queues                 : true
[INFO]   records                : true
[INFO]   routines               : true
[INFO]   sequences              : true
[INFO]   sequenceFlags          : true
[INFO]   table-valued functions : true
[INFO]   tables                 : true
[INFO]   udts                   : true
[INFO]   relations              : true
[INFO] ----------------------------------------------------------
[INFO]                          
[INFO] Generation remarks       
[INFO] ----------------------------------------------------------
[INFO]                          
[INFO] ----------------------------------------------------------
[INFO] Generating catalogs      : Total: 1
[INFO] 
                                      
@@@@@@@@@@@@@@@@@@@@@@@@@@@@@@@@@@@@@@
@@@@@@@@@@@@@@@@@@@@@@@@@@@@@@@@@@@@@@
@@@@@@@@@@@@@@@@  @@        @@@@@@@@@@
@@@@@@@@@@@@@@@@@@@@        @@@@@@@@@@
@@@@@@@@@@@@@@@@  @@  @@    @@@@@@@@@@
@@@@@@@@@@  @@@@  @@  @@    @@@@@@@@@@
@@@@@@@@@@        @@        @@@@@@@@@@
@@@@@@@@@@@@@@@@@@@@@@@@@@@@@@@@@@@@@@
@@@@@@@@@@@@@@@@@@@@@@@@@@@@@@@@@@@@@@
@@@@@@@@@@        @@        @@@@@@@@@@
@@@@@@@@@@    @@  @@  @@@@  @@@@@@@@@@
@@@@@@@@@@    @@  @@  @@@@  @@@@@@@@@@
@@@@@@@@@@        @@  @  @  @@@@@@@@@@
@@@@@@@@@@        @@        @@@@@@@@@@
@@@@@@@@@@@@@@@@@@@@@@@  @@@@@@@@@@@@@
@@@@@@@@@@@@@@@@@@@@@@@@@@@@@@@@@@@@@@
@@@@@@@@@@@@@@@@@@@@@@@@@@@@@@@@@@@@@@  Thank you for using jOOQ 3.13.2
                                      
[INFO] ARRAYs fetched           : 0 (0 included, 0 excluded)
[INFO] Enums fetched            : 1 (1 included, 0 excluded)
[INFO] No schema version is applied for catalog . Regenerating.
[INFO]                          
[INFO] Generating catalog       : DefaultCatalog.java
[INFO] ==========================================================
[INFO] Generating schemata      : Total: 1
[INFO] No schema version is applied for schema public. Regenerating.
[INFO] Generating schema        : DefaultSchema.java
[INFO] ----------------------------------------------------------
[INFO] Tables fetched           : 5 (3 included, 2 excluded)
[INFO] Sequences fetched        : 0 (0 included, 0 excluded)
[INFO] UDTs fetched             : 0 (0 included, 0 excluded)
[INFO] Generating tables        
[INFO] Synthetic primary keys   : 0 (0 included, 0 excluded)
[INFO] Overriding primary keys  : 2 (0 included, 2 excluded)
[INFO] Generating table         : Instances.java [input=instances, output=instances, pk=N/A]
[INFO] Embeddables fetched      : 0 (0 included, 0 excluded)
[INFO] Indexes fetched          : 0 (0 included, 0 excluded)
[INFO] Generating table         : RequestMetadataLb.java [input=request_metadata_lb, output=request_metadata_lb, pk=request_metadata_lb_pkey]
[INFO] Generating table         : SetLb.java [input=set_lb, output=set_lb, pk=set_pkey]
[INFO] Tables generated         : Total: 682.823ms
[INFO] Generating table POJOs   
[INFO] Generating POJO          : Instances.java
[WARNING] Omitting unrecognized type java.util.UUID for column instance_id in table instances!
[WARNING] Omitting unrecognized type java.util.UUID for column instance_id in table instances!
[INFO] Generating POJO          : RequestMetadataLb.java
[WARNING] Omitting unrecognized type java.util.UUID for column request_id in table request_metadata_lb!
[WARNING] Omitting unrecognized type java.time.OffsetDateTime for column last_updated_date in table request_metadata_lb!
[WARNING] Omitting unrecognized type java.util.UUID for column request_id in table request_metadata_lb!
[WARNING] Omitting unrecognized type java.time.OffsetDateTime for column last_updated_date in table request_metadata_lb!
[INFO] Generating POJO          : SetLb.java
[WARNING] Omitting unrecognized type java.util.UUID for column id in table set_lb!
[WARNING] Omitting unrecognized type java.util.UUID for column created_by_user_id in table set_lb!
[WARNING] Omitting unrecognized type java.time.OffsetDateTime for column created_date in table set_lb!
[WARNING] Omitting unrecognized type java.util.UUID for column updated_by_user_id in table set_lb!
[WARNING] Omitting unrecognized type java.time.OffsetDateTime for column updated_date in table set_lb!
[WARNING] Omitting unrecognized type java.util.UUID for column id in table set_lb!
[WARNING] Omitting unrecognized type java.util.UUID for column created_by_user_id in table set_lb!
[WARNING] Omitting unrecognized type java.time.OffsetDateTime for column created_date in table set_lb!
[WARNING] Omitting unrecognized type java.util.UUID for column updated_by_user_id in table set_lb!
[WARNING] Omitting unrecognized type java.time.OffsetDateTime for column updated_date in table set_lb!
[INFO] Table POJOs generated    : Total: 704.71ms, +21.886ms
[INFO] Generating DAOs          
[INFO] Generating DAO           : InstancesDao.java
[INFO] Skipping DAO generation  : InstancesDao.java
[INFO] Generating DAO           : RequestMetadataLbDao.java
[INFO] Generating DAO           : SetLbDao.java
[INFO] Table DAOs generated     : Total: 709.139ms, +4.429ms
[INFO] Generate RowMappers ...  
[INFO] {} has no primary key. Skipping...: RowMappers.java
[INFO] Generate Converters ...  
[INFO] Generate Bindings ...    
[INFO] Generating table references
[INFO] Table refs generated     : Total: 717.323ms, +8.183ms
[INFO] Generating Keys          
[INFO] Keys generated           : Total: 719.559ms, +2.236ms
[INFO] Generating Indexes       
[INFO] Skipping empty indexes   
[INFO] Generating table records 
[INFO] Generating record        : InstancesRecord.java
[WARNING] Omitting unrecognized type java.util.UUID for column instance_id in table instances!
[WARNING] Omitting unrecognized type java.util.UUID for column instance_id in table instances!
[INFO] Generating record        : RequestMetadataLbRecord.java
[WARNING] Omitting unrecognized type java.util.UUID for column request_id in table request_metadata_lb!
[WARNING] Omitting unrecognized type java.time.OffsetDateTime for column last_updated_date in table request_metadata_lb!
[WARNING] Omitting unrecognized type java.util.UUID for column request_id in table request_metadata_lb!
[WARNING] Omitting unrecognized type java.time.OffsetDateTime for column last_updated_date in table request_metadata_lb!
[INFO] Generating record        : SetLbRecord.java
[WARNING] Omitting unrecognized type java.util.UUID for column id in table set_lb!
[WARNING] Omitting unrecognized type java.util.UUID for column created_by_user_id in table set_lb!
[WARNING] Omitting unrecognized type java.time.OffsetDateTime for column created_date in table set_lb!
[WARNING] Omitting unrecognized type java.util.UUID for column updated_by_user_id in table set_lb!
[WARNING] Omitting unrecognized type java.time.OffsetDateTime for column updated_date in table set_lb!
[WARNING] Omitting unrecognized type java.util.UUID for column id in table set_lb!
[WARNING] Omitting unrecognized type java.util.UUID for column created_by_user_id in table set_lb!
[WARNING] Omitting unrecognized type java.time.OffsetDateTime for column created_date in table set_lb!
[WARNING] Omitting unrecognized type java.util.UUID for column updated_by_user_id in table set_lb!
[WARNING] Omitting unrecognized type java.time.OffsetDateTime for column updated_date in table set_lb!
[INFO] Table records generated  : Total: 739.319ms, +19.759ms
[INFO] Generating ENUMs         
[INFO] Generating ENUM          : FilteringConditionType.java
[INFO] Enums generated          : Total: 741.238ms, +1.919ms
[INFO] Domains fetched          : 0 (0 included, 0 excluded)
[INFO] Routines fetched         : 0 (0 included, 0 excluded)
[INFO] Generation finished: public: Total: 766.163ms, +24.924ms
[INFO]                          
[INFO] Removing excess files    
[INFO] 
[INFO] --- maven-compiler-plugin:3.8.1:compile (default-compile) @ mod-oai-pmh ---
[INFO] Changes detected - recompiling the module!
[INFO] Compiling 116 source files to C:\folio\folio_testing\mod-oai-pmh\target\classes
[WARNING] /C:/folio/folio_testing/mod-oai-pmh/src/main/java/org/folio/oaipmh/domain/Verb.java:[22,13] unchecked method invocation: constructor <init> in enum org.folio.oaipmh.domain.Verb is applied to given types
  required: java.lang.String,java.util.Set<java.lang.String>,java.util.Set<java.lang.String>,java.lang.String
  found: java.lang.String,com.google.common.collect.ImmutableSet<java.lang.String>,java.util.Set,<nulltype>
[WARNING] /C:/folio/folio_testing/mod-oai-pmh/src/main/java/org/folio/oaipmh/domain/Verb.java:[22,72] unchecked conversion
  required: java.util.Set<java.lang.String>
  found:    java.util.Set
[WARNING] /C:/folio/folio_testing/mod-oai-pmh/src/main/java/org/folio/oaipmh/domain/Verb.java:[23,11] unchecked method invocation: constructor <init> in enum org.folio.oaipmh.domain.Verb is applied to given types
  required: java.lang.String,java.util.Set<java.lang.String>,java.util.Set<java.lang.String>,java.lang.String
  found: java.lang.String,java.util.Set,java.util.Set,<nulltype>
[WARNING] /C:/folio/folio_testing/mod-oai-pmh/src/main/java/org/folio/oaipmh/domain/Verb.java:[23,24] unchecked conversion
  required: java.util.Set<java.lang.String>
  found:    java.util.Set
[WARNING] /C:/folio/folio_testing/mod-oai-pmh/src/main/java/org/folio/oaipmh/domain/Verb.java:[23,35] unchecked conversion
  required: java.util.Set<java.lang.String>
  found:    java.util.Set
[WARNING] /C:/folio/folio_testing/mod-oai-pmh/src/main/java/org/folio/oaipmh/domain/Verb.java:[25,24] unchecked method invocation: constructor <init> in enum org.folio.oaipmh.domain.Verb is applied to given types
  required: java.lang.String,java.util.Set<java.lang.String>,java.util.Set<java.lang.String>,java.lang.String
  found: java.lang.String,java.util.Set,com.google.common.collect.ImmutableSet<java.lang.String>,<nulltype>
[WARNING] /C:/folio/folio_testing/mod-oai-pmh/src/main/java/org/folio/oaipmh/domain/Verb.java:[25,48] unchecked conversion
  required: java.util.Set<java.lang.String>
  found:    java.util.Set
[WARNING] /C:/folio/folio_testing/mod-oai-pmh/src/main/java/org/folio/oaipmh/domain/Verb.java:[27,12] unchecked method invocation: constructor <init> in enum org.folio.oaipmh.domain.Verb is applied to given types
  required: java.lang.String,java.util.Set<java.lang.String>,java.util.Set<java.lang.String>,java.lang.String
  found: java.lang.String,java.util.Set,java.util.Set,java.lang.String
[WARNING] /C:/folio/folio_testing/mod-oai-pmh/src/main/java/org/folio/oaipmh/domain/Verb.java:[27,25] unchecked conversion
  required: java.util.Set<java.lang.String>
  found:    java.util.Set
[WARNING] /C:/folio/folio_testing/mod-oai-pmh/src/main/java/org/folio/oaipmh/domain/Verb.java:[27,36] unchecked conversion
  required: java.util.Set<java.lang.String>
  found:    java.util.Set
[WARNING] /C:/folio/folio_testing/mod-oai-pmh/target/generated-sources/jaxb/org/openarchives/oai/_2_0/oai_dc/Dc.java:[135,77] Possible heap pollution from parameterized vararg type javax.xml.bind.JAXBElement<org.purl.dc.elements._1.ElementType>
[WARNING] /C:/folio/folio_testing/mod-oai-pmh/src/main/java/org/folio/oaipmh/processors/MarcWithHoldingsRequestHelper.java:[461,65] unchecked cast
  required: java.util.ArrayDeque<io.vertx.core.Promise<io.vertx.sqlclient.impl.Connection>>
  found:    java.lang.Object
[INFO] /C:/folio/folio_testing/mod-oai-pmh/src/main/java/org/folio/oaipmh/helpers/AbstractHelper.java: Some input files use or override a deprecated API.
[INFO] /C:/folio/folio_testing/mod-oai-pmh/src/main/java/org/folio/oaipmh/helpers/AbstractHelper.java: Recompile with -Xlint:deprecation for details.
[INFO] 
[INFO] --- maven-resources-plugin:3.1.0:copy-resources (filter-descriptor-inputs) @ mod-oai-pmh ---
[INFO] Using 'UTF-8' encoding to copy filtered resources.
[INFO] Copying 2 resources
[INFO] 
[INFO] --- copy-rename-maven-plugin:1.0.1:rename (rename-descriptor-outputs) @ mod-oai-pmh ---
[INFO] Renamed C:\folio\folio_testing\mod-oai-pmh\target\ModuleDescriptor-template.json to C:\folio\folio_testing\mod-oai-pmh\target\ModuleDescriptor.json
[INFO] Renamed C:\folio\folio_testing\mod-oai-pmh\target\DeploymentDescriptor-template.json to C:\folio\folio_testing\mod-oai-pmh\target\DeploymentDescriptor.json
[INFO] 
[INFO] --- maven-resources-plugin:3.1.0:resources (default-resources) @ mod-oai-pmh ---
[INFO] Using 'UTF-8' encoding to copy filtered resources.
[INFO] Copying 18 resources
[INFO] Copying 1 resource
[INFO] 
[INFO] --- maven-compiler-plugin:3.8.1:compile (build-generated-code) @ mod-oai-pmh ---
[INFO] Changes detected - recompiling the module!
[INFO] Compiling 116 source files to C:\folio\folio_testing\mod-oai-pmh\target\classes
[WARNING] /C:/folio/folio_testing/mod-oai-pmh/src/main/java/org/folio/oaipmh/domain/Verb.java:[22,13] unchecked method invocation: constructor <init> in enum org.folio.oaipmh.domain.Verb is applied to given types
  required: java.lang.String,java.util.Set<java.lang.String>,java.util.Set<java.lang.String>,java.lang.String
  found: java.lang.String,com.google.common.collect.ImmutableSet<java.lang.String>,java.util.Set,<nulltype>
[WARNING] /C:/folio/folio_testing/mod-oai-pmh/src/main/java/org/folio/oaipmh/domain/Verb.java:[22,72] unchecked conversion
  required: java.util.Set<java.lang.String>
  found:    java.util.Set
[WARNING] /C:/folio/folio_testing/mod-oai-pmh/src/main/java/org/folio/oaipmh/domain/Verb.java:[23,11] unchecked method invocation: constructor <init> in enum org.folio.oaipmh.domain.Verb is applied to given types
  required: java.lang.String,java.util.Set<java.lang.String>,java.util.Set<java.lang.String>,java.lang.String
  found: java.lang.String,java.util.Set,java.util.Set,<nulltype>
[WARNING] /C:/folio/folio_testing/mod-oai-pmh/src/main/java/org/folio/oaipmh/domain/Verb.java:[23,24] unchecked conversion
  required: java.util.Set<java.lang.String>
  found:    java.util.Set
[WARNING] /C:/folio/folio_testing/mod-oai-pmh/src/main/java/org/folio/oaipmh/domain/Verb.java:[23,35] unchecked conversion
  required: java.util.Set<java.lang.String>
  found:    java.util.Set
[WARNING] /C:/folio/folio_testing/mod-oai-pmh/src/main/java/org/folio/oaipmh/domain/Verb.java:[25,24] unchecked method invocation: constructor <init> in enum org.folio.oaipmh.domain.Verb is applied to given types
  required: java.lang.String,java.util.Set<java.lang.String>,java.util.Set<java.lang.String>,java.lang.String
  found: java.lang.String,java.util.Set,com.google.common.collect.ImmutableSet<java.lang.String>,<nulltype>
[WARNING] /C:/folio/folio_testing/mod-oai-pmh/src/main/java/org/folio/oaipmh/domain/Verb.java:[25,48] unchecked conversion
  required: java.util.Set<java.lang.String>
  found:    java.util.Set
[WARNING] /C:/folio/folio_testing/mod-oai-pmh/src/main/java/org/folio/oaipmh/domain/Verb.java:[27,12] unchecked method invocation: constructor <init> in enum org.folio.oaipmh.domain.Verb is applied to given types
  required: java.lang.String,java.util.Set<java.lang.String>,java.util.Set<java.lang.String>,java.lang.String
  found: java.lang.String,java.util.Set,java.util.Set,java.lang.String
[WARNING] /C:/folio/folio_testing/mod-oai-pmh/src/main/java/org/folio/oaipmh/domain/Verb.java:[27,25] unchecked conversion
  required: java.util.Set<java.lang.String>
  found:    java.util.Set
[WARNING] /C:/folio/folio_testing/mod-oai-pmh/src/main/java/org/folio/oaipmh/domain/Verb.java:[27,36] unchecked conversion
  required: java.util.Set<java.lang.String>
  found:    java.util.Set
[WARNING] /C:/folio/folio_testing/mod-oai-pmh/target/generated-sources/jaxb/org/openarchives/oai/_2_0/oai_dc/Dc.java:[135,77] Possible heap pollution from parameterized vararg type javax.xml.bind.JAXBElement<org.purl.dc.elements._1.ElementType>
[WARNING] /C:/folio/folio_testing/mod-oai-pmh/src/main/java/org/folio/oaipmh/processors/MarcWithHoldingsRequestHelper.java:[461,65] unchecked cast
  required: java.util.ArrayDeque<io.vertx.core.Promise<io.vertx.sqlclient.impl.Connection>>
  found:    java.lang.Object
[INFO] /C:/folio/folio_testing/mod-oai-pmh/src/main/java/org/folio/oaipmh/helpers/AbstractHelper.java: Some input files use or override a deprecated API.
[INFO] /C:/folio/folio_testing/mod-oai-pmh/src/main/java/org/folio/oaipmh/helpers/AbstractHelper.java: Recompile with -Xlint:deprecation for details.
[INFO] 
[INFO] --- aspectj-maven-plugin:1.12.6:compile (default) @ mod-oai-pmh ---
[INFO] Showing AJC message detail for messages of types: [error, warning, fail]
[INFO] 
[INFO] --- embedded-postgresql-maven-plugin:0.1.0:stop (stop-pgsql) @ mod-oai-pmh ---
[INFO] Using system properties proxy configuration: null:null. no proxy: null
[INFO] Stopping PostgreSQL...
LOG:  received fast shutdown request
waiting for server to shut down...LOG:  aborting any active transactions
.LOG:  autovacuum launcher shutting down
LOG:  shutting down
LOG:  database system is shut down
 done
server stopped
[INFO] 4890e6e7-4c91-494e-acfd-35d550109f17 shut down postmaster in 0:00:01.032
[INFO] PostgreSQL stopped.
[INFO] 
[INFO] --- maven-resources-plugin:3.1.0:testResources (default-testResources) @ mod-oai-pmh ---
[INFO] Using 'UTF-8' encoding to copy filtered resources.
[INFO] Copying 71 resources
[INFO] 
[INFO] --- maven-compiler-plugin:3.8.1:testCompile (default-testCompile) @ mod-oai-pmh ---
[INFO] Changes detected - recompiling the module!
[INFO] Compiling 22 source files to C:\folio\folio_testing\mod-oai-pmh\target\test-classes
[INFO] /C:/folio/folio_testing/mod-oai-pmh/src/test/java/org/folio/oaipmh/helpers/StorageHelperTest.java: C:\folio\folio_testing\mod-oai-pmh\src\test\java\org\folio\oaipmh\helpers\StorageHelperTest.java uses or overrides a deprecated API.
[INFO] /C:/folio/folio_testing/mod-oai-pmh/src/test/java/org/folio/oaipmh/helpers/StorageHelperTest.java: Recompile with -Xlint:deprecation for details.
[INFO] 
[INFO] --- maven-surefire-plugin:2.22.2:test (default-test) @ mod-oai-pmh ---
[INFO] Tests are skipped.
[INFO] 
[INFO] --- maven-resources-plugin:3.1.0:copy-resources (copy-resources) @ mod-oai-pmh ---
[INFO] Using 'UTF-8' encoding to copy filtered resources.
[INFO] Copying 110 resources
[INFO] 
[INFO] --- maven-antrun-plugin:1.8:run (default) @ mod-oai-pmh ---
[INFO] Executing tasks

main:
[INFO] Executed tasks
[INFO] 
[INFO] --- maven-jar-plugin:2.4:jar (default-jar) @ mod-oai-pmh ---
[INFO] Building jar: C:\folio\folio_testing\mod-oai-pmh\target\mod-oai-pmh-3.2.5-SNAPSHOT.jar
[INFO] 
[INFO] --- maven-shade-plugin:3.2.2:shade (default) @ mod-oai-pmh ---
[INFO] Including org.folio:mod-source-record-storage-client:jar:4.0.1 in the shaded jar.
[INFO] Including org.folio:domain-models-runtime:jar:31.1.5 in the shaded jar.
[INFO] Including javax.ws.rs:javax.ws.rs-api:jar:2.0.1 in the shaded jar.
[INFO] Including org.glassfish.jersey.media:jersey-media-json-jackson:jar:2.29.1 in the shaded jar.
[INFO] Including org.glassfish.jersey.core:jersey-common:jar:2.29.1 in the shaded jar.
[INFO] Including jakarta.ws.rs:jakarta.ws.rs-api:jar:2.1.6 in the shaded jar.
[INFO] Including jakarta.annotation:jakarta.annotation-api:jar:1.3.5 in the shaded jar.
[INFO] Including org.glassfish.hk2.external:jakarta.inject:jar:2.6.1 in the shaded jar.
[INFO] Including org.glassfish.hk2:osgi-resource-locator:jar:1.0.3 in the shaded jar.
[INFO] Including com.sun.activation:jakarta.activation:jar:1.2.1 in the shaded jar.
[INFO] Including org.glassfish.jersey.ext:jersey-entity-filtering:jar:2.29.1 in the shaded jar.
[INFO] Including com.fasterxml.jackson.module:jackson-module-jaxb-annotations:jar:2.9.9 in the shaded jar.
[INFO] Including com.fasterxml.jackson.core:jackson-core:jar:2.11.3 in the shaded jar.
[INFO] Including com.fasterxml.jackson.core:jackson-databind:jar:2.11.3 in the shaded jar.
[INFO] Including com.fasterxml.jackson.core:jackson-annotations:jar:2.11.3 in the shaded jar.
[INFO] Including io.vertx:vertx-web:jar:3.9.4 in the shaded jar.
[INFO] Including io.vertx:vertx-web-common:jar:3.9.4 in the shaded jar.
[INFO] Including io.vertx:vertx-auth-common:jar:3.9.4 in the shaded jar.
[INFO] Including io.vertx:vertx-bridge-common:jar:3.9.4 in the shaded jar.
[INFO] Including io.vertx:vertx-web-client:jar:3.9.4 in the shaded jar.
[INFO] Including org.folio:cql2pgjson:jar:31.1.5 in the shaded jar.
[INFO] Including org.folio:dbschema:jar:31.1.5 in the shaded jar.
[INFO] Including org.folio.okapi:okapi-common:jar:4.1.3 in the shaded jar.
[INFO] Including org.z3950.zing:cql-java:jar:1.13 in the shaded jar.
[INFO] Including org.folio:testing:jar:31.1.5 in the shaded jar.
[INFO] Including io.vertx:vertx-dropwizard-metrics:jar:3.9.4 in the shaded jar.
[INFO] Including io.dropwizard.metrics:metrics-core:jar:4.0.2 in the shaded jar.
[INFO] Including ru.yandex.qatools.embed:postgresql-embedded:jar:2.10 in the shaded jar.
[INFO] Including de.flapdoodle.embed:de.flapdoodle.embed.process:jar:2.0.5 in the shaded jar.
[INFO] Including net.java.dev.jna:jna:jar:4.0.0 in the shaded jar.
[INFO] Including net.java.dev.jna:jna-platform:jar:4.0.0 in the shaded jar.
[INFO] Including org.apache.commons:commons-compress:jar:1.10 in the shaded jar.
[INFO] Including org.postgresql:postgresql:jar:9.4.1209 in the shaded jar.
[INFO] Including io.vertx:vertx-pg-client:jar:3.9.4-FOLIO in the shaded jar.
[INFO] Including io.vertx:vertx-sql-client:jar:3.9.4-FOLIO in the shaded jar.
[INFO] Including commons-io:commons-io:jar:2.6 in the shaded jar.
[INFO] Including org.apache.commons:commons-collections4:jar:4.1 in the shaded jar.
[INFO] Including org.freemarker:freemarker:jar:2.3.29 in the shaded jar.
[INFO] Including org.apache.logging.log4j:log4j-core:jar:2.12.1 in the shaded jar.
[INFO] Including org.apache.logging.log4j:log4j-api:jar:2.12.1 in the shaded jar.
[INFO] Including org.folio:domain-models-api-interfaces:jar:31.1.5 in the shaded jar.
[INFO] Including io.vertx:vertx-core:jar:3.9.4 in the shaded jar.
[INFO] Including io.netty:netty-common:jar:4.1.49.Final in the shaded jar.
[INFO] Including io.netty:netty-buffer:jar:4.1.49.Final in the shaded jar.
[INFO] Including io.netty:netty-transport:jar:4.1.49.Final in the shaded jar.
[INFO] Including io.netty:netty-handler:jar:4.1.49.Final in the shaded jar.
[INFO] Including io.netty:netty-codec:jar:4.1.49.Final in the shaded jar.
[INFO] Including io.netty:netty-handler-proxy:jar:4.1.49.Final in the shaded jar.
[INFO] Including io.netty:netty-codec-socks:jar:4.1.49.Final in the shaded jar.
[INFO] Including io.netty:netty-codec-http:jar:4.1.49.Final in the shaded jar.
[INFO] Including io.netty:netty-codec-http2:jar:4.1.49.Final in the shaded jar.
[INFO] Including io.netty:netty-resolver:jar:4.1.49.Final in the shaded jar.
[INFO] Including io.netty:netty-resolver-dns:jar:4.1.49.Final in the shaded jar.
[INFO] Including io.netty:netty-codec-dns:jar:4.1.49.Final in the shaded jar.
[INFO] Including javax.mail:mailapi:jar:1.4.3 in the shaded jar.
[INFO] Including javax.activation:activation:jar:1.1 in the shaded jar.
[INFO] Including org.folio:domain-models-api-aspects:jar:31.1.5 in the shaded jar.
[INFO] Including org.hibernate.validator:hibernate-validator:jar:6.1.5.Final in the shaded jar.
[INFO] Including jakarta.validation:jakarta.validation-api:jar:2.0.2 in the shaded jar.
[INFO] Including org.jboss.logging:jboss-logging:jar:3.3.2.Final in the shaded jar.
[INFO] Including com.fasterxml:classmate:jar:1.3.4 in the shaded jar.
[INFO] Including javax.el:javax.el-api:jar:3.0.1-b06 in the shaded jar.
[INFO] Including javax.validation:validation-api:jar:2.0.1.Final in the shaded jar.
[INFO] Including org.glassfish:javax.el:jar:3.0.1-b11 in the shaded jar.
[INFO] Including org.aspectj:aspectjrt:jar:1.9.6 in the shaded jar.
[INFO] Including org.javassist:javassist:jar:3.27.0-GA in the shaded jar.
[INFO] Including org.folio:domain-models-interface-extensions:jar:31.1.5 in the shaded jar.
[INFO] Including org.raml.jaxrs:jaxrs-code-generator:jar:3.0.7 in the shaded jar.
[INFO] Including org.raml:raml-parser-2:jar:1.0.28 in the shaded jar.
[INFO] Including org.raml:yagi:jar:1.0.28 in the shaded jar.
[INFO] Including org.yaml:snakeyaml:jar:1.15 in the shaded jar.
[INFO] Including com.fasterxml.jackson.module:jackson-module-jsonSchema:jar:2.9.7 in the shaded jar.
[INFO] Including com.github.java-json-tools:json-schema-validator:jar:2.2.8 in the shaded jar.
[INFO] Including com.github.java-json-tools:json-schema-core:jar:1.2.8 in the shaded jar.
[INFO] Including org.mozilla:rhino:jar:1.7R4 in the shaded jar.
[INFO] Including com.github.fge:jackson-coreutils:jar:1.8 in the shaded jar.
[INFO] Including com.github.fge:msg-simple:jar:1.1 in the shaded jar.
[INFO] Including com.github.fge:btf:jar:1.2 in the shaded jar.
[INFO] Including com.github.fge:uri-template:jar:0.9 in the shaded jar.
[INFO] Including com.googlecode.libphonenumber:libphonenumber:jar:8.0.0 in the shaded jar.
[INFO] Including net.sf.jopt-simple:jopt-simple:jar:5.0.3 in the shaded jar.
[INFO] Including com.googlecode.juniversalchardet:juniversalchardet:jar:1.0.3 in the shaded jar.
[INFO] Including org.apache.ws.xmlschema:xmlschema-core:jar:2.2.1 in the shaded jar.
[INFO] Including javax.json:javax.json-api:jar:1.0 in the shaded jar.
[INFO] Including org.glassfish:javax.json:jar:1.0.4 in the shaded jar.
[INFO] Including org.raml:raml-to-pojo:jar:1.0.6 in the shaded jar.
[INFO] Including org.raml:test-utils:jar:1.0.6 in the shaded jar.
[INFO] Including org.assertj:assertj-core:jar:2.9.1 in the shaded jar.
[INFO] Including com.google.code.gson:gson:jar:2.5 in the shaded jar.
[INFO] Including org.codehaus.jackson:jackson-mapper-asl:jar:1.9.1 in the shaded jar.
[INFO] Including org.codehaus.jackson:jackson-core-asl:jar:1.9.1 in the shaded jar.
[INFO] Including javax.annotation:javax.annotation-api:jar:1.3.2 in the shaded jar.
[INFO] Including com.squareup:javapoet:jar:1.11.1 in the shaded jar.
[INFO] Including commons-cli:commons-cli:jar:1.3.1 in the shaded jar.
[INFO] Including com.google.guava:guava:jar:19.0 in the shaded jar.
[INFO] Including org.jsonschema2pojo:jsonschema2pojo-core:jar:0.5.1 in the shaded jar.
[INFO] Including org.jsonschema2pojo:jsonschema2pojo-scalagen:jar:0.5.1 in the shaded jar.
[INFO] Including net.sourceforge.collections:collections-generic:jar:4.01 in the shaded jar.
[INFO] Including com.fasterxml.jackson.dataformat:jackson-dataformat-yaml:jar:2.11.3 in the shaded jar.
[INFO] Including org.scala-lang:scala-library:jar:2.11.6 in the shaded jar.
[INFO] Including com.google.code.javaparser:javaparser:jar:1.0.10 in the shaded jar.
[INFO] Including com.google.code.findbugs:jsr305:jar:3.0.1 in the shaded jar.
[INFO] Including com.squareup.moshi:moshi:jar:1.5.0 in the shaded jar.
[INFO] Including com.squareup.okio:okio:jar:1.13.0 in the shaded jar.
[INFO] Including commons-lang:commons-lang:jar:2.6 in the shaded jar.
[INFO] Including joda-time:joda-time:jar:2.2 in the shaded jar.
[INFO] Including com.google.code.findbugs:annotations:jar:1.3.9 in the shaded jar.
[INFO] Including org.hamcrest:hamcrest-all:jar:1.3 in the shaded jar.
[INFO] Including org.folio:util:jar:31.1.5 in the shaded jar.
[INFO] Including org.apache.maven:maven-model:jar:3.3.9 in the shaded jar.
[INFO] Including org.codehaus.plexus:plexus-utils:jar:3.0.22 in the shaded jar.
[INFO] Including xpp3:xpp3:jar:1.1.4c in the shaded jar.
[INFO] Including com.github.javaparser:javaparser-core:jar:3.16.1 in the shaded jar.
[INFO] Including xerces:xmlParserAPIs:jar:2.6.2 in the shaded jar.
[INFO] Including com.sun.codemodel:codemodel:jar:2.6 in the shaded jar.
[INFO] Including com.sun.xml.bind:jaxb-xjc:jar:2.1.6 in the shaded jar.
[INFO] Including com.sun.xml.bind:jaxb-impl:jar:2.1.6 in the shaded jar.
[INFO] Including javax.ws.rs:jsr311-api:jar:1.1.1 in the shaded jar.
[INFO] Including org.folio:folio-di-support:jar:1.0.0 in the shaded jar.
[INFO] Including io.vertx:vertx-service-proxy:jar:3.9.4 in the shaded jar.
[INFO] Including org.springframework:spring-core:jar:5.1.1.RELEASE in the shaded jar.
[INFO] Including org.springframework:spring-jcl:jar:5.1.1.RELEASE in the shaded jar.
[INFO] Including org.springframework:spring-context:jar:5.1.1.RELEASE in the shaded jar.
[INFO] Including org.springframework:spring-aop:jar:5.1.1.RELEASE in the shaded jar.
[INFO] Including org.springframework:spring-beans:jar:5.1.1.RELEASE in the shaded jar.
[INFO] Including org.springframework:spring-expression:jar:5.1.1.RELEASE in the shaded jar.
[INFO] Including org.folio:data-import-utils:jar:1.5.0 in the shaded jar.
[INFO] Including me.escoffier.vertx:vertx-completable-future:jar:0.1.2 in the shaded jar.
[INFO] Including org.folio:mod-configuration-client:jar:5.4.0 in the shaded jar.
[INFO] Including org.folio:folio-liquibase-util:jar:1.0.0 in the shaded jar.
[INFO] Including org.liquibase:liquibase-core:jar:3.8.9 in the shaded jar.
[INFO] Including com.migesok:jaxb-java-time-adapters:jar:1.1.3 in the shaded jar.
[INFO] Including org.jvnet.jaxb2_commons:jaxb2-basics-runtime:jar:1.11.1 in the shaded jar.
[INFO] Including org.marc4j:marc4j:jar:2.8.3 in the shaded jar.
[INFO] Including org.apache.httpcomponents:httpclient:jar:4.5.11 in the shaded jar.
[INFO] Including org.apache.httpcomponents:httpcore:jar:4.4.13 in the shaded jar.
[INFO] Including commons-logging:commons-logging:jar:1.2 in the shaded jar.
[INFO] Including commons-codec:commons-codec:jar:1.11 in the shaded jar.
[INFO] Including org.apache.commons:commons-lang3:jar:3.9 in the shaded jar.
[INFO] Including org.jooq:jooq:jar:3.13.2 in the shaded jar.
[INFO] Including org.reactivestreams:reactive-streams:jar:1.0.2 in the shaded jar.
[INFO] Including javax.xml.bind:jaxb-api:jar:2.3.1 in the shaded jar.
[INFO] Including javax.activation:javax.activation-api:jar:1.2.0 in the shaded jar.
[INFO] Including io.github.jklingsporn:vertx-jooq-classic-reactive:jar:5.2.1 in the shaded jar.
[INFO] Including io.github.jklingsporn:vertx-jooq-shared-reactive:jar:5.2.1 in the shaded jar.
[INFO] Including io.github.jklingsporn:vertx-jooq-shared:jar:5.2.1 in the shaded jar.
[INFO] Including io.github.jklingsporn:vertx-jooq-classic:jar:5.2.1 in the shaded jar.
[INFO] Including org.apache.logging.log4j:log4j-slf4j-impl:jar:2.12.1 in the shaded jar.
[INFO] Including org.slf4j:slf4j-api:jar:1.7.25 in the shaded jar.
[INFO] Including org.apache.logging.log4j:log4j-jul:jar:2.12.1 in the shaded jar.
[INFO] Including junit:junit:jar:4.13 in the shaded jar.
[INFO] Including org.hamcrest:hamcrest-core:jar:1.3 in the shaded jar.
[INFO] Including org.mockito:mockito-core:jar:2.17.0 in the shaded jar.
[INFO] Including net.bytebuddy:byte-buddy:jar:1.8.0 in the shaded jar.
[INFO] Including net.bytebuddy:byte-buddy-agent:jar:1.8.0 in the shaded jar.
[INFO] Including org.objenesis:objenesis:jar:2.6 in the shaded jar.
[WARNING] Discovered module-info.class. Shading will break its strong encapsulation.
[WARNING] Discovered module-info.class. Shading will break its strong encapsulation.
[WARNING] Discovered module-info.class. Shading will break its strong encapsulation.
[WARNING] Discovered module-info.class. Shading will break its strong encapsulation.
[WARNING] Discovered module-info.class. Shading will break its strong encapsulation.
[WARNING] Discovered module-info.class. Shading will break its strong encapsulation.
[WARNING] jackson-core-asl-1.9.1.jar, jackson-mapper-asl-1.9.1.jar define 1 overlapping resources: 
[WARNING]   - META-INF/ASL2.0
[WARNING] jakarta.ws.rs-api-2.1.6.jar, javax.ws.rs-api-2.0.1.jar, jsr311-api-1.1.1.jar define 54 overlapping classes: 
[WARNING]   - javax.ws.rs.ApplicationPath
[WARNING]   - javax.ws.rs.Consumes
[WARNING]   - javax.ws.rs.CookieParam
[WARNING]   - javax.ws.rs.DELETE
[WARNING]   - javax.ws.rs.DefaultValue
[WARNING]   - javax.ws.rs.Encoded
[WARNING]   - javax.ws.rs.FormParam
[WARNING]   - javax.ws.rs.GET
[WARNING]   - javax.ws.rs.HEAD
[WARNING]   - javax.ws.rs.HeaderParam
[WARNING]   - 44 more...
[WARNING] jackson-module-jaxb-annotations-2.9.9.jar, liquibase-core-3.8.9.jar define 1 overlapping resources: 
[WARNING]   - META-INF/services/com.fasterxml.jackson.databind.Module
[WARNING] activation-1.1.jar, collections-generic-4.01.jar, commons-cli-1.3.1.jar, commons-codec-1.11.jar, commons-collections4-4.1.jar, commons-compress-1.10.jar, commons-io-2.6.jar, commons-lang-2.6.jar, commons-lang3-3.9.jar, commons-logging-1.2.jar, javax.activation-api-1.2.0.jar, javax.annotation-api-1.3.2.jar, javax.el-3.0.1-b11.jar, javax.el-api-3.0.1-b06.jar, jaxb-api-2.3.1.jar, jaxb-xjc-2.1.6.jar, jboss-logging-3.3.2.Final.jar, joda-time-2.2.jar, jooq-3.13.2.jar, mailapi-1.4.3.jar define 1 overlapping resources: 
[WARNING]   - META-INF/LICENSE.txt
[WARNING] commons-logging-1.2.jar, spring-jcl-5.1.1.RELEASE.jar define 5 overlapping classes: 
[WARNING]   - org.apache.commons.logging.Log
[WARNING]   - org.apache.commons.logging.LogFactory
[WARNING]   - org.apache.commons.logging.LogFactory$1
[WARNING]   - org.apache.commons.logging.impl.NoOpLog
[WARNING]   - org.apache.commons.logging.impl.SimpleLog
[WARNING] domain-models-api-aspects-31.1.5.jar, domain-models-api-interfaces-31.1.5.jar, domain-models-interface-extensions-31.1.5.jar, domain-models-runtime-31.1.5.jar, mod-oai-pmh-3.2.5-SNAPSHOT.jar define 1 overlapping resources: 
[WARNING]   - log4j2.properties
[WARNING] javax.el-3.0.1-b11.jar, javax.el-api-3.0.1-b06.jar define 50 overlapping classes and resources: 
[WARNING]   - javax.el.ArrayELResolver
[WARNING]   - javax.el.BeanELResolver
[WARNING]   - javax.el.BeanELResolver$1
[WARNING]   - javax.el.BeanELResolver$BPSoftReference
[WARNING]   - javax.el.BeanELResolver$BeanProperties
[WARNING]   - javax.el.BeanELResolver$BeanProperty
[WARNING]   - javax.el.BeanELResolver$SoftConcurrentHashMap
[WARNING]   - javax.el.BeanNameELResolver
[WARNING]   - javax.el.BeanNameResolver
[WARNING]   - javax.el.CompositeELResolver
[WARNING]   - 40 more...
[WARNING] assertj-core-2.9.1.jar, classmate-1.3.4.jar, httpclient-4.5.11.jar, httpcore-4.4.13.jar, jackson-core-2.11.3.jar, jackson-core-asl-1.9.1.jar, jackson-databind-2.11.3.jar, jackson-dataformat-yaml-2.11.3.jar, jackson-mapper-asl-1.9.1.jar, liquibase-core-3.8.9.jar, log4j-api-2.12.1.jar, log4j-core-2.12.1.jar, log4j-jul-2.12.1.jar, log4j-slf4j-impl-2.12.1.jar, maven-model-3.3.9.jar, objenesis-2.6.jar, plexus-utils-3.0.22.jar, xmlschema-core-2.2.1.jar define 1 overlapping resources: 
[WARNING]   - META-INF/NOTICE
[WARNING] assertj-core-2.9.1.jar, btf-1.2.jar, classmate-1.3.4.jar, freemarker-2.3.29.jar, httpclient-4.5.11.jar, httpcore-4.4.13.jar, jackson-annotations-2.11.3.jar, jackson-core-2.11.3.jar, jackson-core-asl-1.9.1.jar, jackson-coreutils-1.8.jar, jackson-databind-2.11.3.jar, jackson-dataformat-yaml-2.11.3.jar, jackson-mapper-asl-1.9.1.jar, jackson-module-jsonSchema-2.9.7.jar, json-schema-core-1.2.8.jar, json-schema-validator-2.2.8.jar, log4j-api-2.12.1.jar, log4j-core-2.12.1.jar, log4j-jul-2.12.1.jar, log4j-slf4j-impl-2.12.1.jar, maven-model-3.3.9.jar, msg-simple-1.1.jar, objenesis-2.6.jar, plexus-utils-3.0.22.jar, uri-template-0.9.jar, xmlschema-core-2.2.1.jar define 1 overlapping resources: 
[WARNING]   - META-INF/LICENSE
[WARNING] activation-1.1.jar, jakarta.activation-1.2.1.jar define 13 overlapping classes and resources: 
[WARNING]   - META-INF/mailcap.default
[WARNING]   - META-INF/mimetypes.default
[WARNING]   - com.sun.activation.registries.LineTokenizer
[WARNING]   - com.sun.activation.registries.LogSupport
[WARNING]   - com.sun.activation.registries.MailcapFile
[WARNING]   - com.sun.activation.registries.MailcapParseException
[WARNING]   - com.sun.activation.registries.MailcapTokenizer
[WARNING]   - com.sun.activation.registries.MimeTypeEntry
[WARNING]   - com.sun.activation.registries.MimeTypeFile
[WARNING]   - com.sun.activation.viewers.ImageViewer
[WARNING]   - 3 more...
[WARNING] btf-1.2.jar, jackson-coreutils-1.8.jar, json-schema-core-1.2.8.jar, json-schema-validator-2.2.8.jar, msg-simple-1.1.jar, uri-template-0.9.jar define 2 overlapping resources: 
[WARNING]   - META-INF/ASL-2.0.txt
[WARNING]   - META-INF/LGPL-3.0.txt
[WARNING] domain-models-interface-extensions-31.1.5.jar, jaxrs-code-generator-3.0.7.jar define 1 overlapping resources: 
[WARNING]   - META-INF/ramltojaxrs-plugin.properties
[WARNING] activation-1.1.jar, jakarta.activation-1.2.1.jar, javax.activation-api-1.2.0.jar define 27 overlapping classes: 
[WARNING]   - javax.activation.ActivationDataFlavor
[WARNING]   - javax.activation.CommandInfo
[WARNING]   - javax.activation.CommandMap
[WARNING]   - javax.activation.CommandObject
[WARNING]   - javax.activation.DataContentHandler
[WARNING]   - javax.activation.DataContentHandlerFactory
[WARNING]   - javax.activation.DataHandler
[WARNING]   - javax.activation.DataHandler$1
[WARNING]   - javax.activation.DataHandlerDataSource
[WARNING]   - javax.activation.DataSource
[WARNING]   - 17 more...
[WARNING] jackson-core-2.11.3.jar, jackson-dataformat-yaml-2.11.3.jar, liquibase-core-3.8.9.jar define 1 overlapping resources: 
[WARNING]   - META-INF/services/com.fasterxml.jackson.core.JsonFactory
[WARNING] jakarta.validation-api-2.0.2.jar, validation-api-2.0.1.Final.jar define 143 overlapping classes: 
[WARNING]   - javax.validation.BootstrapConfiguration
[WARNING]   - javax.validation.ClockProvider
[WARNING]   - javax.validation.Configuration
[WARNING]   - javax.validation.Constraint
[WARNING]   - javax.validation.ConstraintDeclarationException
[WARNING]   - javax.validation.ConstraintDefinitionException
[WARNING]   - javax.validation.ConstraintTarget
[WARNING]   - javax.validation.ConstraintValidator
[WARNING]   - javax.validation.ConstraintValidatorContext
[WARNING]   - javax.validation.ConstraintValidatorContext$ConstraintViolationBuilder
[WARNING]   - 133 more...
[WARNING] javax.json-1.0.4.jar, javax.json-api-1.0.jar define 28 overlapping classes: 
[WARNING]   - javax.json.Json
[WARNING]   - javax.json.JsonArray
[WARNING]   - javax.json.JsonArrayBuilder
[WARNING]   - javax.json.JsonBuilderFactory
[WARNING]   - javax.json.JsonException
[WARNING]   - javax.json.JsonNumber
[WARNING]   - javax.json.JsonObject
[WARNING]   - javax.json.JsonObjectBuilder
[WARNING]   - javax.json.JsonReader
[WARNING]   - javax.json.JsonReaderFactory
[WARNING]   - 18 more...
[WARNING] domain-models-api-interfaces-31.1.5.jar, mod-configuration-client-5.4.0.jar, mod-oai-pmh-3.2.5-SNAPSHOT.jar define 65 overlapping resources: 
[WARNING]   - ramls/raml-util/.editorconfig
[WARNING]   - ramls/raml-util/.eslintrc
[WARNING]   - ramls/raml-util/.gitignore
[WARNING]   - ramls/raml-util/CONTRIBUTING.md
[WARNING]   - ramls/raml-util/LICENSE
[WARNING]   - ramls/raml-util/PULL_REQUEST_TEMPLATE.md
[WARNING]   - ramls/raml-util/README.md
[WARNING]   - ramls/raml-util/examples/codex/instance.sample
[WARNING]   - ramls/raml-util/examples/codex/instanceCollection.sample
[WARNING]   - ramls/raml-util/examples/error.sample
[WARNING]   - 55 more...
[WARNING] domain-models-api-interfaces-31.1.5.jar, mod-configuration-client-5.4.0.jar define 24 overlapping classes and resources: 
[WARNING]   - org.folio.rest.jaxrs.model.Diagnostic
[WARNING]   - org.folio.rest.jaxrs.model.Facet
[WARNING]   - org.folio.rest.jaxrs.model.FacetValue
[WARNING]   - org.folio.rest.jaxrs.model.ResultInfo
[WARNING]   - ramls/raml-util/Jenkinsfile
[WARNING]   - ramls/raml-util/examples/codex/package.sample
[WARNING]   - ramls/raml-util/examples/codex/packageCollection.sample
[WARNING]   - ramls/raml-util/examples/codex/sourceCollection.sample
[WARNING]   - ramls/raml-util/examples/mod-users/userdata.json.sample
[WARNING]   - ramls/raml-util/examples/mod-users/users.raml.sample
[WARNING]   - 14 more...
[WARNING] jakarta.activation-1.2.1.jar, javax.activation-api-1.2.0.jar define 4 overlapping classes: 
[WARNING]   - javax.activation.CommandInfo$Beans
[WARNING]   - javax.activation.CommandInfo$Beans$1
[WARNING]   - javax.activation.MailcapCommandMap$1
[WARNING]   - javax.activation.MimetypesFileTypeMap$1
[WARNING] hamcrest-all-1.3.jar, hamcrest-core-1.3.jar, rhino-1.7R4.jar define 1 overlapping resources: 
[WARNING]   - LICENSE.txt
[WARNING] codemodel-2.6.jar, jaxb-xjc-2.1.6.jar define 115 overlapping classes and resources: 
[WARNING]   - META-INF/maven/com.sun.codemodel/codemodel/pom.properties
[WARNING]   - META-INF/maven/com.sun.codemodel/codemodel/pom.xml
[WARNING]   - com.sun.codemodel.ClassType
[WARNING]   - com.sun.codemodel.CodeWriter
[WARNING]   - com.sun.codemodel.CodeWriter$1
[WARNING]   - com.sun.codemodel.JAnnotatable
[WARNING]   - com.sun.codemodel.JAnnotationArrayMember
[WARNING]   - com.sun.codemodel.JAnnotationStringValue
[WARNING]   - com.sun.codemodel.JAnnotationUse
[WARNING]   - com.sun.codemodel.JAnnotationUse$1
[WARNING]   - 105 more...
[WARNING] domain-models-runtime-31.1.5.jar, okapi-common-4.1.3.jar define 1 overlapping resources: 
[WARNING]   - git.properties
[WARNING] domain-models-interface-extensions-31.1.5.jar, mod-configuration-client-5.4.0.jar define 1 overlapping resources: 
[WARNING]   - log4j.properties
[WARNING] domain-models-api-interfaces-31.1.5.jar, domain-models-interface-extensions-31.1.5.jar, mod-configuration-client-5.4.0.jar, mod-oai-pmh-3.2.5-SNAPSHOT.jar, mod-source-record-storage-client-4.0.1.jar define 2 overlapping resources: 
[WARNING]   - ramls/json-schema.list
[WARNING]   - ramls/raml.list
[WARNING] spring-aop-5.1.1.RELEASE.jar, spring-beans-5.1.1.RELEASE.jar, spring-context-5.1.1.RELEASE.jar, spring-core-5.1.1.RELEASE.jar, spring-expression-5.1.1.RELEASE.jar, spring-jcl-5.1.1.RELEASE.jar define 2 overlapping resources: 
[WARNING]   - META-INF/license.txt
[WARNING]   - META-INF/notice.txt
[WARNING] jakarta.activation-1.2.1.jar, jakarta.annotation-api-1.3.5.jar, jakarta.inject-2.6.1.jar, jakarta.ws.rs-api-2.1.6.jar, jersey-common-2.29.1.jar, jersey-entity-filtering-2.29.1.jar, jersey-media-json-jackson-2.29.1.jar define 2 overlapping resources: 
[WARNING]   - META-INF/LICENSE.md
[WARNING]   - META-INF/NOTICE.md
[WARNING] jakarta.ws.rs-api-2.1.6.jar, javax.ws.rs-api-2.0.1.jar define 69 overlapping classes: 
[WARNING]   - javax.ws.rs.BadRequestException
[WARNING]   - javax.ws.rs.BeanParam
[WARNING]   - javax.ws.rs.ClientErrorException
[WARNING]   - javax.ws.rs.ConstrainedTo
[WARNING]   - javax.ws.rs.ForbiddenException
[WARNING]   - javax.ws.rs.InternalServerErrorException
[WARNING]   - javax.ws.rs.NameBinding
[WARNING]   - javax.ws.rs.NotAcceptableException
[WARNING]   - javax.ws.rs.NotAllowedException
[WARNING]   - javax.ws.rs.NotAuthorizedException
[WARNING]   - 59 more...
[WARNING] domain-models-api-aspects-31.1.5.jar, domain-models-interface-extensions-31.1.5.jar, domain-models-runtime-31.1.5.jar, mod-oai-pmh-3.2.5-SNAPSHOT.jar define 1 overlapping resources: 
[WARNING]   - builddef.lst
[WARNING] hamcrest-all-1.3.jar, hamcrest-core-1.3.jar define 45 overlapping classes: 
[WARNING]   - org.hamcrest.BaseDescription
[WARNING]   - org.hamcrest.BaseMatcher
[WARNING]   - org.hamcrest.Condition
[WARNING]   - org.hamcrest.Condition$1
[WARNING]   - org.hamcrest.Condition$Matched
[WARNING]   - org.hamcrest.Condition$NotMatched
[WARNING]   - org.hamcrest.Condition$Step
[WARNING]   - org.hamcrest.CoreMatchers
[WARNING]   - org.hamcrest.CustomMatcher
[WARNING]   - org.hamcrest.CustomTypeSafeMatcher
[WARNING]   - 35 more...
[WARNING] domain-models-runtime-31.1.5.jar, mod-oai-pmh-3.2.5-SNAPSHOT.jar define 64 overlapping resources: 
[WARNING]   - apidocs/raml/raml-util/.editorconfig
[WARNING]   - apidocs/raml/raml-util/.eslintrc
[WARNING]   - apidocs/raml/raml-util/CONTRIBUTING.md
[WARNING]   - apidocs/raml/raml-util/LICENSE
[WARNING]   - apidocs/raml/raml-util/PULL_REQUEST_TEMPLATE.md
[WARNING]   - apidocs/raml/raml-util/README.md
[WARNING]   - apidocs/raml/raml-util/examples/codex/instance.sample
[WARNING]   - apidocs/raml/raml-util/examples/codex/instanceCollection.sample
[WARNING]   - apidocs/raml/raml-util/examples/error.sample
[WARNING]   - apidocs/raml/raml-util/examples/errors.sample
[WARNING]   - 54 more...
[WARNING] jersey-common-2.29.1.jar, jersey-media-json-jackson-2.29.1.jar define 2 overlapping resources: 
[WARNING]   - META-INF/NOTICE.markdown
[WARNING]   - META-INF/services/org.glassfish.jersey.internal.spi.AutoDiscoverable
[WARNING] netty-buffer-4.1.49.Final.jar, netty-codec-4.1.49.Final.jar, netty-codec-dns-4.1.49.Final.jar, netty-codec-http-4.1.49.Final.jar, netty-codec-http2-4.1.49.Final.jar, netty-codec-socks-4.1.49.Final.jar, netty-common-4.1.49.Final.jar, netty-handler-4.1.49.Final.jar, netty-handler-proxy-4.1.49.Final.jar, netty-resolver-4.1.49.Final.jar, netty-resolver-dns-4.1.49.Final.jar, netty-transport-4.1.49.Final.jar define 1 overlapping resources: 
[WARNING]   - META-INF/io.netty.versions.properties
[WARNING] javax.ws.rs-api-2.0.1.jar, jsr311-api-1.1.1.jar define 1 overlapping classes: 
[WARNING]   - javax.ws.rs.ext.FactoryFinder$1
[WARNING] httpclient-4.5.11.jar, httpcore-4.4.13.jar, log4j-api-2.12.1.jar, log4j-core-2.12.1.jar, log4j-jul-2.12.1.jar, log4j-slf4j-impl-2.12.1.jar, maven-model-3.3.9.jar, xmlschema-core-2.2.1.jar define 1 overlapping resources: 
[WARNING]   - META-INF/DEPENDENCIES
[WARNING] activation-1.1.jar, annotations-1.3.9.jar, aspectjrt-1.9.6.jar, assertj-core-2.9.1.jar, btf-1.2.jar, byte-buddy-1.8.0.jar, byte-buddy-agent-1.8.0.jar, classmate-1.3.4.jar, codemodel-2.6.jar, collections-generic-4.01.jar, commons-cli-1.3.1.jar, commons-codec-1.11.jar, commons-collections4-4.1.jar, commons-compress-1.10.jar, commons-io-2.6.jar, commons-lang-2.6.jar, commons-lang3-3.9.jar, commons-logging-1.2.jar, cql-java-1.13.jar, cql2pgjson-31.1.5.jar, data-import-utils-1.5.0.jar, dbschema-31.1.5.jar, de.flapdoodle.embed.process-2.0.5.jar, domain-models-api-aspects-31.1.5.jar, domain-models-api-interfaces-31.1.5.jar, domain-models-interface-extensions-31.1.5.jar, domain-models-runtime-31.1.5.jar, folio-di-support-1.0.0.jar, folio-liquibase-util-1.0.0.jar, freemarker-2.3.29.jar, gson-2.5.jar, guava-19.0.jar, hamcrest-all-1.3.jar, hamcrest-core-1.3.jar, hibernate-validator-6.1.5.Final.jar, httpclient-4.5.11.jar, httpcore-4.4.13.jar, jackson-annotations-2.11.3.jar, jackson-core-2.11.3.jar, jackson-core-asl-1.9.1.jar, jackson-coreutils-1.8.jar, jackson-databind-2.11.3.jar, jackson-dataformat-yaml-2.11.3.jar, jackson-mapper-asl-1.9.1.jar, jackson-module-jaxb-annotations-2.9.9.jar, jackson-module-jsonSchema-2.9.7.jar, jakarta.activation-1.2.1.jar, jakarta.annotation-api-1.3.5.jar, jakarta.inject-2.6.1.jar, jakarta.validation-api-2.0.2.jar, jakarta.ws.rs-api-2.1.6.jar, javaparser-1.0.10.jar, javaparser-core-3.16.1.jar, javapoet-1.11.1.jar, javassist-3.27.0-GA.jar, javax.activation-api-1.2.0.jar, javax.annotation-api-1.3.2.jar, javax.el-3.0.1-b11.jar, javax.el-api-3.0.1-b06.jar, javax.json-1.0.4.jar, javax.json-api-1.0.jar, javax.ws.rs-api-2.0.1.jar, jaxb-api-2.3.1.jar, jaxb-impl-2.1.6.jar, jaxb-java-time-adapters-1.1.3.jar, jaxb-xjc-2.1.6.jar, jaxb2-basics-runtime-1.11.1.jar, jaxrs-code-generator-3.0.7.jar, jboss-logging-3.3.2.Final.jar, jersey-common-2.29.1.jar, jersey-entity-filtering-2.29.1.jar, jersey-media-json-jackson-2.29.1.jar, jna-4.0.0.jar, jna-platform-4.0.0.jar, joda-time-2.2.jar, jooq-3.13.2.jar, jopt-simple-5.0.3.jar, json-schema-core-1.2.8.jar, json-schema-validator-2.2.8.jar, jsonschema2pojo-core-0.5.1.jar, jsonschema2pojo-scalagen-0.5.1.jar, jsr305-3.0.1.jar, jsr311-api-1.1.1.jar, junit-4.13.jar, juniversalchardet-1.0.3.jar, libphonenumber-8.0.0.jar, liquibase-core-3.8.9.jar, log4j-api-2.12.1.jar, log4j-core-2.12.1.jar, log4j-jul-2.12.1.jar, log4j-slf4j-impl-2.12.1.jar, mailapi-1.4.3.jar, marc4j-2.8.3.jar, maven-model-3.3.9.jar, metrics-core-4.0.2.jar, mockito-core-2.17.0.jar, mod-configuration-client-5.4.0.jar, mod-oai-pmh-3.2.5-SNAPSHOT.jar, mod-source-record-storage-client-4.0.1.jar, moshi-1.5.0.jar, msg-simple-1.1.jar, netty-buffer-4.1.49.Final.jar, netty-codec-4.1.49.Final.jar, netty-codec-dns-4.1.49.Final.jar, netty-codec-http-4.1.49.Final.jar, netty-codec-http2-4.1.49.Final.jar, netty-codec-socks-4.1.49.Final.jar, netty-common-4.1.49.Final.jar, netty-handler-4.1.49.Final.jar, netty-handler-proxy-4.1.49.Final.jar, netty-resolver-4.1.49.Final.jar, netty-resolver-dns-4.1.49.Final.jar, netty-transport-4.1.49.Final.jar, objenesis-2.6.jar, okapi-common-4.1.3.jar, okio-1.13.0.jar, osgi-resource-locator-1.0.3.jar, plexus-utils-3.0.22.jar, postgresql-9.4.1209.jar, postgresql-embedded-2.10.jar, raml-parser-2-1.0.28.jar, raml-to-pojo-1.0.6.jar, reactive-streams-1.0.2.jar, rhino-1.7R4.jar, scala-library-2.11.6.jar, slf4j-api-1.7.25.jar, snakeyaml-1.15.jar, spring-aop-5.1.1.RELEASE.jar, spring-beans-5.1.1.RELEASE.jar, spring-context-5.1.1.RELEASE.jar, spring-core-5.1.1.RELEASE.jar, spring-expression-5.1.1.RELEASE.jar, spring-jcl-5.1.1.RELEASE.jar, test-utils-1.0.6.jar, testing-31.1.5.jar, uri-template-0.9.jar, util-31.1.5.jar, validation-api-2.0.1.Final.jar, vertx-auth-common-3.9.4.jar, vertx-bridge-common-3.9.4.jar, vertx-completable-future-0.1.2.jar, vertx-core-3.9.4.jar, vertx-dropwizard-metrics-3.9.4.jar, vertx-jooq-classic-5.2.1.jar, vertx-jooq-classic-reactive-5.2.1.jar, vertx-jooq-shared-5.2.1.jar, vertx-jooq-shared-reactive-5.2.1.jar, vertx-pg-client-3.9.4-FOLIO.jar, vertx-service-proxy-3.9.4.jar, vertx-sql-client-3.9.4-FOLIO.jar, vertx-web-3.9.4.jar, vertx-web-client-3.9.4.jar, vertx-web-common-3.9.4.jar, xmlParserAPIs-2.6.2.jar, xmlschema-core-2.2.1.jar, xpp3-1.1.4c.jar, yagi-1.0.28.jar define 1 overlapping resources: 
[WARNING]   - META-INF/MANIFEST.MF
[WARNING] spring-aop-5.1.1.RELEASE.jar, spring-beans-5.1.1.RELEASE.jar, spring-context-5.1.1.RELEASE.jar define 3 overlapping resources: 
[WARNING]   - META-INF/spring.handlers
[WARNING]   - META-INF/spring.schemas
[WARNING]   - META-INF/spring.tooling
[WARNING] collections-generic-4.01.jar, commons-cli-1.3.1.jar, commons-codec-1.11.jar, commons-collections4-4.1.jar, commons-compress-1.10.jar, commons-io-2.6.jar, commons-lang-2.6.jar, commons-lang3-3.9.jar, commons-logging-1.2.jar, joda-time-2.2.jar define 1 overlapping resources: 
[WARNING]   - META-INF/NOTICE.txt
[WARNING] jakarta.annotation-api-1.3.5.jar, javax.annotation-api-1.3.2.jar define 15 overlapping classes: 
[WARNING]   - javax.annotation.Generated
[WARNING]   - javax.annotation.ManagedBean
[WARNING]   - javax.annotation.PostConstruct
[WARNING]   - javax.annotation.PreDestroy
[WARNING]   - javax.annotation.Priority
[WARNING]   - javax.annotation.Resource
[WARNING]   - javax.annotation.Resource$AuthenticationType
[WARNING]   - javax.annotation.Resources
[WARNING]   - javax.annotation.security.DeclareRoles
[WARNING]   - javax.annotation.security.DenyAll
[WARNING]   - 5 more...
[WARNING] domain-models-api-interfaces-31.1.5.jar, mod-configuration-client-5.4.0.jar, mod-oai-pmh-3.2.5-SNAPSHOT.jar, mod-source-record-storage-client-4.0.1.jar define 5 overlapping classes: 
[WARNING]   - org.folio.rest.jaxrs.model.Error
[WARNING]   - org.folio.rest.jaxrs.model.Errors
[WARNING]   - org.folio.rest.jaxrs.model.Parameter
[WARNING]   - org.folio.rest.jaxrs.resource.support.ResponseDelegate
[WARNING]   - org.folio.rest.jaxrs.resource.support.ResponseDelegate$HeaderBuilderBase
[WARNING] json-schema-core-1.2.8.jar, json-schema-validator-2.2.8.jar define 2 overlapping resources: 
[WARNING]   - draftv3/schema
[WARNING]   - draftv4/schema
[WARNING] domain-models-runtime-31.1.5.jar, mod-configuration-client-5.4.0.jar define 5 overlapping classes: 
[WARNING]   - org.folio.rest.client.AdminClient
[WARNING]   - org.folio.rest.client.JsonSchemasClient
[WARNING]   - org.folio.rest.client.RamlsClient
[WARNING]   - org.folio.rest.client.RmbtestsClient
[WARNING]   - org.folio.rest.client.TenantClient
[WARNING] domain-models-api-interfaces-31.1.5.jar, mod-configuration-client-5.4.0.jar, mod-source-record-storage-client-4.0.1.jar define 1 overlapping classes: 
[WARNING]   - org.folio.rest.jaxrs.model.Metadata
[WARNING] jackson-databind-2.11.3.jar, jackson-dataformat-yaml-2.11.3.jar, liquibase-core-3.8.9.jar define 1 overlapping resources: 
[WARNING]   - META-INF/services/com.fasterxml.jackson.core.ObjectCodec
[WARNING] maven-shade-plugin has detected that some class files are
[WARNING] present in two or more JARs. When this happens, only one
[WARNING] single version of the class is copied to the uber jar.
[WARNING] Usually this is not harmful and you can skip these warnings,
[WARNING] otherwise try to manually exclude artifacts based on
[WARNING] mvn dependency:tree -Ddetail=true and the above output.
[WARNING] See http://maven.apache.org/plugins/maven-shade-plugin/
[INFO] 
[INFO] --- maven-install-plugin:2.4:install (default-install) @ mod-oai-pmh ---
[INFO] Installing C:\folio\folio_testing\mod-oai-pmh\target\mod-oai-pmh-3.2.5-SNAPSHOT.jar to C:\Users\ilush\.m2\repository\org\folio\mod-oai-pmh\3.2.5-SNAPSHOT\mod-oai-pmh-3.2.5-SNAPSHOT.jar
[INFO] Installing C:\folio\folio_testing\mod-oai-pmh\pom.xml to C:\Users\ilush\.m2\repository\org\folio\mod-oai-pmh\3.2.5-SNAPSHOT\mod-oai-pmh-3.2.5-SNAPSHOT.pom
[INFO] ------------------------------------------------------------------------
[INFO] BUILD SUCCESS
[INFO] ------------------------------------------------------------------------
[INFO] Total time:  45.328 s
[INFO] Finished at: 2020-11-27T16:35:09+02:00
[INFO] ------------------------------------------------------------------------
